---
source: src/lib.rs
expression: binary_id.to_string()
---
1Àê002aae6c35c94fcfb415dbe95f408b9ce91ee846ed
