---
source: src/lib.rs
expression: binary_id.to_string()
---
1ː00da39a3ee5e6b4b0d3255bfef95601890afd80709
